-- The CXX compiler identification is GNU 11.4.0
-- Detecting CXX compiler ABI info
-- Detecting CXX compiler ABI info - done
-- Check for working CXX compiler: /usr/bin/c++ - skipped
-- Detecting CXX compile features
-- Detecting CXX compile features - done
-- Found ament_cmake: 1.3.12 (/opt/ros/humble/share/ament_cmake/cmake)
-- Found Python3: /usr/bin/python3 (found version "3.10.12") found components: Interpreter 
-- Override CMake install command with custom implementation using symlinks instead of copying resources
-- Found ament_lint_auto: 0.12.14 (/opt/ros/humble/share/ament_lint_auto/cmake)
-- Added test 'lint_cmake' to check CMake code style
-- Added test 'xmllint' to check XML markup files
-- Configuring done
-- Generating done
-- Build files have been written to: /workspace/build/modubot_model_description
-- Install configuration: ""
-- Installing: /workspace/install/modubot_model_description/share/modubot_model_description/urdf
-- Installing: /workspace/install/modubot_model_description/share/modubot_model_description/urdf/modubot.urdf.xacro
-- Installing: /workspace/install/modubot_model_description/share/modubot_model_description/meshes
-- Installing: /workspace/install/modubot_model_description/share/modubot_model_description/meshes/Chassi_interno_modubot.stl
-- Execute custom install script
-- Symlinking: /workspace/install/modubot_model_description/share/ament_index/resource_index/package_run_dependencies/modubot_model_description
-- Symlinking: /workspace/install/modubot_model_description/share/ament_index/resource_index/parent_prefix_path/modubot_model_description
-- Symlinking: /workspace/install/modubot_model_description/share/modubot_model_description/environment/ament_prefix_path.sh
-- Symlinking: /workspace/install/modubot_model_description/share/modubot_model_description/environment/ament_prefix_path.dsv
-- Symlinking: /workspace/install/modubot_model_description/share/modubot_model_description/environment/path.sh
-- Symlinking: /workspace/install/modubot_model_description/share/modubot_model_description/environment/path.dsv
-- Symlinking: /workspace/install/modubot_model_description/share/modubot_model_description/local_setup.bash
-- Symlinking: /workspace/install/modubot_model_description/share/modubot_model_description/local_setup.sh
-- Symlinking: /workspace/install/modubot_model_description/share/modubot_model_description/local_setup.zsh
-- Symlinking: /workspace/install/modubot_model_description/share/modubot_model_description/local_setup.dsv
-- Symlinking: /workspace/install/modubot_model_description/share/modubot_model_description/package.dsv
-- Symlinking: /workspace/install/modubot_model_description/share/ament_index/resource_index/packages/modubot_model_description
-- Symlinking: /workspace/install/modubot_model_description/share/modubot_model_description/cmake/modubot_model_descriptionConfig.cmake
-- Symlinking: /workspace/install/modubot_model_description/share/modubot_model_description/cmake/modubot_model_descriptionConfig-version.cmake
-- Symlinking: /workspace/install/modubot_model_description/share/modubot_model_description/package.xml
