[0.081s] Invoking command in '/workspace/build/modubot_model_description': CMAKE_PREFIX_PATH=/opt/ros/humble /usr/bin/cmake /workspace/modubot_ws/src/modubot_model_description -DAMENT_CMAKE_SYMLINK_INSTALL=1 -DCMAKE_INSTALL_PREFIX=/workspace/install/modubot_model_description
[1.350s] -- The CXX compiler identification is GNU 11.4.0
[1.351s] -- Detecting CXX compiler ABI info
[1.352s] -- Detecting CXX compiler ABI info - done
[1.352s] -- Check for working CXX compiler: /usr/bin/c++ - skipped
[1.352s] -- Detecting CXX compile features
[1.353s] -- Detecting CXX compile features - done
[1.353s] -- Found ament_cmake: 1.3.12 (/opt/ros/humble/share/ament_cmake/cmake)
[1.483s] -- Found Python3: /usr/bin/python3 (found version "3.10.12") found components: Interpreter 
[1.819s] -- Override CMake install command with custom implementation using symlinks instead of copying resources
[2.089s] -- Found ament_lint_auto: 0.12.14 (/opt/ros/humble/share/ament_lint_auto/cmake)
[2.582s] -- Added test 'lint_cmake' to check CMake code style
[2.590s] -- Added test 'xmllint' to check XML markup files
[2.599s] -- Configuring done
[2.610s] -- Generating done
[2.616s] -- Build files have been written to: /workspace/build/modubot_model_description
[2.646s] Invoked command in '/workspace/build/modubot_model_description' returned '0': CMAKE_PREFIX_PATH=/opt/ros/humble /usr/bin/cmake /workspace/modubot_ws/src/modubot_model_description -DAMENT_CMAKE_SYMLINK_INSTALL=1 -DCMAKE_INSTALL_PREFIX=/workspace/install/modubot_model_description
[2.647s] Invoking command in '/workspace/build/modubot_model_description': CMAKE_PREFIX_PATH=/opt/ros/humble /usr/bin/cmake --build /workspace/build/modubot_model_description -- -j4 -l4
[2.791s] Invoked command in '/workspace/build/modubot_model_description' returned '0': CMAKE_PREFIX_PATH=/opt/ros/humble /usr/bin/cmake --build /workspace/build/modubot_model_description -- -j4 -l4
[2.796s] Invoking command in '/workspace/build/modubot_model_description': CMAKE_PREFIX_PATH=/opt/ros/humble /usr/bin/cmake --install /workspace/build/modubot_model_description
[2.834s] -- Install configuration: ""
[2.835s] -- Installing: /workspace/install/modubot_model_description/share/modubot_model_description/urdf
[2.836s] -- Installing: /workspace/install/modubot_model_description/share/modubot_model_description/urdf/modubot.urdf.xacro
[2.837s] -- Installing: /workspace/install/modubot_model_description/share/modubot_model_description/meshes
[2.838s] -- Installing: /workspace/install/modubot_model_description/share/modubot_model_description/meshes/Chassi_interno_modubot.stl
[3.030s] -- Execute custom install script
[3.033s] -- Symlinking: /workspace/install/modubot_model_description/share/ament_index/resource_index/package_run_dependencies/modubot_model_description
[3.035s] -- Symlinking: /workspace/install/modubot_model_description/share/ament_index/resource_index/parent_prefix_path/modubot_model_description
[3.071s] -- Symlinking: /workspace/install/modubot_model_description/share/modubot_model_description/environment/ament_prefix_path.sh
[3.103s] -- Symlinking: /workspace/install/modubot_model_description/share/modubot_model_description/environment/ament_prefix_path.dsv
[3.131s] -- Symlinking: /workspace/install/modubot_model_description/share/modubot_model_description/environment/path.sh
[3.166s] -- Symlinking: /workspace/install/modubot_model_description/share/modubot_model_description/environment/path.dsv
[3.195s] -- Symlinking: /workspace/install/modubot_model_description/share/modubot_model_description/local_setup.bash
[3.221s] -- Symlinking: /workspace/install/modubot_model_description/share/modubot_model_description/local_setup.sh
[3.253s] -- Symlinking: /workspace/install/modubot_model_description/share/modubot_model_description/local_setup.zsh
[3.285s] -- Symlinking: /workspace/install/modubot_model_description/share/modubot_model_description/local_setup.dsv
[3.313s] -- Symlinking: /workspace/install/modubot_model_description/share/modubot_model_description/package.dsv
[3.341s] -- Symlinking: /workspace/install/modubot_model_description/share/ament_index/resource_index/packages/modubot_model_description
[3.372s] -- Symlinking: /workspace/install/modubot_model_description/share/modubot_model_description/cmake/modubot_model_descriptionConfig.cmake
[3.420s] -- Symlinking: /workspace/install/modubot_model_description/share/modubot_model_description/cmake/modubot_model_descriptionConfig-version.cmake
[3.452s] -- Symlinking: /workspace/install/modubot_model_description/share/modubot_model_description/package.xml
[3.492s] Invoked command in '/workspace/build/modubot_model_description' returned '0': CMAKE_PREFIX_PATH=/opt/ros/humble /usr/bin/cmake --install /workspace/build/modubot_model_description
