[0.081s] Invoking command in '/workspace/build/modubot_nav2': CMAKE_PREFIX_PATH=/opt/ros/humble /usr/bin/cmake /workspace/modubot_ws/src/modubot_nav2 -DAMENT_CMAKE_SYMLINK_INSTALL=1 -DCMAKE_INSTALL_PREFIX=/workspace/install/modubot_nav2
[1.344s] -- The CXX compiler identification is GNU 11.4.0
[1.344s] -- Detecting CXX compiler ABI info
[1.345s] -- Detecting CXX compiler ABI info - done
[1.345s] -- Check for working CXX compiler: /usr/bin/c++ - skipped
[1.346s] -- Detecting CXX compile features
[1.346s] -- Detecting CXX compile features - done
[1.347s] -- Found ament_cmake: 1.3.12 (/opt/ros/humble/share/ament_cmake/cmake)
[1.441s] -- Found Python3: /usr/bin/python3 (found version "3.10.12") found components: Interpreter 
[1.806s] -- Override CMake install command with custom implementation using symlinks instead of copying resources
[2.078s] -- Found ament_lint_auto: 0.12.14 (/opt/ros/humble/share/ament_lint_auto/cmake)
[2.573s] -- Added test 'flake8' to check Python code syntax and style conventions
[2.576s] -- Added test 'lint_cmake' to check CMake code style
[2.582s] -- Added test 'pep257' to check Python code against some of the docstring style conventions in PEP 257
[2.591s] -- Added test 'xmllint' to check XML markup files
[2.596s] -- Configuring done
[2.612s] -- Generating done
[2.619s] -- Build files have been written to: /workspace/build/modubot_nav2
[2.644s] Invoked command in '/workspace/build/modubot_nav2' returned '0': CMAKE_PREFIX_PATH=/opt/ros/humble /usr/bin/cmake /workspace/modubot_ws/src/modubot_nav2 -DAMENT_CMAKE_SYMLINK_INSTALL=1 -DCMAKE_INSTALL_PREFIX=/workspace/install/modubot_nav2
[2.652s] Invoking command in '/workspace/build/modubot_nav2': CMAKE_PREFIX_PATH=/opt/ros/humble /usr/bin/cmake --build /workspace/build/modubot_nav2 -- -j4 -l4
[2.801s] Invoked command in '/workspace/build/modubot_nav2' returned '0': CMAKE_PREFIX_PATH=/opt/ros/humble /usr/bin/cmake --build /workspace/build/modubot_nav2 -- -j4 -l4
[2.802s] Invoking command in '/workspace/build/modubot_nav2': CMAKE_PREFIX_PATH=/opt/ros/humble /usr/bin/cmake --install /workspace/build/modubot_nav2
[2.830s] -- Install configuration: ""
[2.831s] -- Installing: /workspace/install/modubot_nav2/share/modubot_nav2/launch
[2.832s] -- Installing: /workspace/install/modubot_nav2/share/modubot_nav2/launch/nav2.launch.py
[2.844s] -- Installing: /workspace/install/modubot_nav2/share/modubot_nav2/launch/__pycache__
[2.846s] -- Installing: /workspace/install/modubot_nav2/share/modubot_nav2/launch/__pycache__/nav2.launch.cpython-310.pyc
[2.852s] -- Installing: /workspace/install/modubot_nav2/share/modubot_nav2/config
[2.853s] -- Installing: /workspace/install/modubot_nav2/share/modubot_nav2/config/nav2_params.yaml
[2.968s] -- Installing: /workspace/install/modubot_nav2/share/modubot_nav2/rviz
[3.018s] -- Installing: /workspace/install/modubot_nav2/share/modubot_nav2/rviz/nav2.rviz
[3.019s] -- Installing: /workspace/install/modubot_nav2/share/modubot_nav2/maps
[3.020s] -- Installing: /workspace/install/modubot_nav2/share/modubot_nav2/maps/piso01.jpg
[3.020s] -- Installing: /workspace/install/modubot_nav2/share/modubot_nav2/maps/piso01.yaml
[3.020s] -- Execute custom install script
[3.021s] -- Symlinking: /workspace/install/modubot_nav2/share/ament_index/resource_index/package_run_dependencies/modubot_nav2
[3.021s] -- Symlinking: /workspace/install/modubot_nav2/share/ament_index/resource_index/parent_prefix_path/modubot_nav2
[3.048s] -- Symlinking: /workspace/install/modubot_nav2/share/modubot_nav2/environment/ament_prefix_path.sh
[3.081s] -- Symlinking: /workspace/install/modubot_nav2/share/modubot_nav2/environment/ament_prefix_path.dsv
[3.110s] -- Symlinking: /workspace/install/modubot_nav2/share/modubot_nav2/environment/path.sh
[3.143s] -- Symlinking: /workspace/install/modubot_nav2/share/modubot_nav2/environment/path.dsv
[3.180s] -- Symlinking: /workspace/install/modubot_nav2/share/modubot_nav2/local_setup.bash
[3.224s] -- Symlinking: /workspace/install/modubot_nav2/share/modubot_nav2/local_setup.sh
[3.255s] -- Symlinking: /workspace/install/modubot_nav2/share/modubot_nav2/local_setup.zsh
[3.293s] -- Symlinking: /workspace/install/modubot_nav2/share/modubot_nav2/local_setup.dsv
[3.329s] -- Symlinking: /workspace/install/modubot_nav2/share/modubot_nav2/package.dsv
[3.362s] -- Symlinking: /workspace/install/modubot_nav2/share/ament_index/resource_index/packages/modubot_nav2
[3.391s] -- Symlinking: /workspace/install/modubot_nav2/share/modubot_nav2/cmake/modubot_nav2Config.cmake
[3.430s] -- Symlinking: /workspace/install/modubot_nav2/share/modubot_nav2/cmake/modubot_nav2Config-version.cmake
[3.459s] -- Symlinking: /workspace/install/modubot_nav2/share/modubot_nav2/package.xml
[4.582s] Invoked command in '/workspace/build/modubot_nav2' returned '0': CMAKE_PREFIX_PATH=/opt/ros/humble /usr/bin/cmake --install /workspace/build/modubot_nav2
