[0.109s] Invoking command in '/workspace/build/modubot_joystick': CMAKE_PREFIX_PATH=${CMAKE_PREFIX_PATH}:/workspace/modubot_ws/install/teleop_twist_keyboard:/workspace/modubot_ws/install/modubot_teleop:/workspace/modubot_ws/install/modubot_odometry /usr/bin/cmake /workspace/modubot_ws/src/modubot_joystick -DCMAKE_INSTALL_PREFIX=/workspace/install/modubot_joystick
[2.970s] -- The C compiler identification is GNU 11.4.0
[2.971s] -- The CXX compiler identification is GNU 11.4.0
[2.972s] -- Detecting C compiler ABI info
[2.974s] -- Detecting C compiler ABI info - done
[2.976s] -- Check for working C compiler: /usr/bin/cc - skipped
[2.978s] -- Detecting C compile features
[2.980s] -- Detecting C compile features - done
[2.980s] -- Detecting CXX compiler ABI info
[2.982s] -- Detecting CXX compiler ABI info - done
[2.983s] -- Check for working CXX compiler: /usr/bin/c++ - skipped
[2.983s] -- Detecting CXX compile features
[2.984s] -- Detecting CXX compile features - done
[2.985s] -- Configuring incomplete, errors occurred!
[2.987s] See also "/workspace/build/modubot_joystick/CMakeFiles/CMakeOutput.log".
[2.989s] [31mCMake Error at CMakeLists.txt:4 (find_package):
[2.997s]   By not providing "Findament_cmake.cmake" in CMAKE_MODULE_PATH this project
[2.999s]   has asked CMake to find a package configuration file provided by
[2.999s]   "ament_cmake", but CMake did not find one.
[3.000s] 
[3.004s]   Could not find a package configuration file provided by "ament_cmake" with
[3.004s]   any of the following names:
[3.005s] 
[3.005s]     ament_cmakeConfig.cmake
[3.006s]     ament_cmake-config.cmake
[3.006s] 
[3.007s]   Add the installation prefix of "ament_cmake" to CMAKE_PREFIX_PATH or set
[3.008s]   "ament_cmake_DIR" to a directory containing one of the above files.  If
[3.008s]   "ament_cmake" provides a separate development package or SDK, be sure it
[3.010s]   has been installed.
[3.011s] 
[3.012s] [0m
[3.012s] Invoked command in '/workspace/build/modubot_joystick' returned '1': CMAKE_PREFIX_PATH=${CMAKE_PREFIX_PATH}:/workspace/modubot_ws/install/teleop_twist_keyboard:/workspace/modubot_ws/install/modubot_teleop:/workspace/modubot_ws/install/modubot_odometry /usr/bin/cmake /workspace/modubot_ws/src/modubot_joystick -DCMAKE_INSTALL_PREFIX=/workspace/install/modubot_joystick
