[2.923s] Invoking command in '/workspace/build/modubot_teleop': PYTHONPATH=/workspace/build/modubot_teleop/prefix_override:/usr/lib/python3/dist-packages/colcon_core/task/python/colcon_distutils_commands:/workspace/install/modubot_teleop/lib/python3.10/site-packages:${PYTHONPATH} /usr/bin/python3 -W ignore:setup.py install is deprecated -W ignore:easy_install command is deprecated setup.py develop --editable --build-directory /workspace/build/modubot_teleop/build --no-deps symlink_data
[3.989s] running develop
[4.590s] running egg_info
[4.590s] creating modubot_teleop.egg-info
[4.591s] writing modubot_teleop.egg-info/PKG-INFO
[4.591s] writing dependency_links to modubot_teleop.egg-info/dependency_links.txt
[4.592s] writing entry points to modubot_teleop.egg-info/entry_points.txt
[4.593s] writing requirements to modubot_teleop.egg-info/requires.txt
[4.593s] writing top-level names to modubot_teleop.egg-info/top_level.txt
[4.594s] writing manifest file 'modubot_teleop.egg-info/SOURCES.txt'
[4.602s] reading manifest file 'modubot_teleop.egg-info/SOURCES.txt'
[4.605s] writing manifest file 'modubot_teleop.egg-info/SOURCES.txt'
[4.611s] running build_ext
[4.611s] Creating /workspace/install/modubot_teleop/lib/python3.10/site-packages/modubot-teleop.egg-link (link to .)
[4.615s] Installing cmdvel_to_serial script to /workspace/install/modubot_teleop/lib/modubot_teleop
[4.617s] 
[4.617s] Installed /workspace/build/modubot_teleop
[4.618s] running symlink_data
[4.620s] creating /workspace/install/modubot_teleop/share/modubot_teleop/launch
[4.620s] symbolically linking /workspace/build/modubot_teleop/launch/teleop.launch.py -> /workspace/install/modubot_teleop/share/modubot_teleop/launch
[4.766s] Invoked command in '/workspace/build/modubot_teleop' returned '0': PYTHONPATH=/workspace/build/modubot_teleop/prefix_override:/usr/lib/python3/dist-packages/colcon_core/task/python/colcon_distutils_commands:/workspace/install/modubot_teleop/lib/python3.10/site-packages:${PYTHONPATH} /usr/bin/python3 -W ignore:setup.py install is deprecated -W ignore:easy_install command is deprecated setup.py develop --editable --build-directory /workspace/build/modubot_teleop/build --no-deps symlink_data
