[3.083s] DEBUG:colcon:Command line arguments: ['/usr/bin/colcon', 'list']
[3.084s] DEBUG:colcon:Parsed command line arguments: Namespace(base_paths=['.'], build_base='build', ignore_user_meta=False, log_base=None, log_level=None, main=<bound method ListVerb.main of <colcon_package_information.verb.list.ListVerb object at 0x7fac532a20>>, metas=['./colcon.meta'], names_only=False, packages_above=None, packages_above_and_dependencies=None, packages_above_depth=None, packages_end=None, packages_ignore=None, packages_ignore_regex=None, packages_select=None, packages_select_build_failed=False, packages_select_by_dep=None, packages_select_regex=None, packages_select_test_failures=False, packages_skip=None, packages_skip_build_finished=False, packages_skip_by_dep=None, packages_skip_regex=None, packages_skip_test_passed=False, packages_skip_up_to=None, packages_start=None, packages_up_to=None, packages_up_to_regex=None, paths=None, paths_only=False, topological_graph=False, topological_graph_density=False, topological_graph_dot=False, topological_graph_dot_cluster=False, topological_graph_dot_include_skipped=False, topological_graph_legend=False, topological_order=False, verb_extension=<colcon_package_information.verb.list.ListVerb object at 0x7fac532a20>, verb_name='list', verb_parser=<colcon_defaults.argument_parser.defaults.DefaultArgumentsDecorator object at 0x7fac49fb00>)
[3.343s] Level 1:colcon.colcon_core.package_discovery:discover_packages(colcon_meta) check parameters
[3.344s] Level 1:colcon.colcon_core.package_discovery:discover_packages(recursive) check parameters
[3.347s] Level 1:colcon.colcon_core.package_discovery:discover_packages(ignore) check parameters
[3.347s] Level 1:colcon.colcon_core.package_discovery:discover_packages(path) check parameters
[3.348s] Level 1:colcon.colcon_core.package_discovery:discover_packages(colcon_meta) discover
[3.349s] Level 1:colcon.colcon_core.package_discovery:discover_packages(recursive) discover
[3.350s] INFO:colcon.colcon_core.package_discovery:Crawling recursively for packages in '/workspace'
[3.350s] Level 1:colcon.colcon_core.package_identification:_identify(.) by extensions ['ignore', 'ignore_ament_install']
[3.351s] Level 1:colcon.colcon_core.package_identification:_identify(.) by extension 'ignore'
[3.351s] Level 1:colcon.colcon_core.package_identification:_identify(.) by extension 'ignore_ament_install'
[3.351s] Level 1:colcon.colcon_core.package_identification:_identify(.) by extensions ['colcon_pkg']
[3.352s] Level 1:colcon.colcon_core.package_identification:_identify(.) by extension 'colcon_pkg'
[3.352s] Level 1:colcon.colcon_core.package_identification:_identify(.) by extensions ['colcon_meta']
[3.352s] Level 1:colcon.colcon_core.package_identification:_identify(.) by extension 'colcon_meta'
[3.352s] Level 1:colcon.colcon_core.package_identification:_identify(.) by extensions ['ros']
[3.353s] Level 1:colcon.colcon_core.package_identification:_identify(.) by extension 'ros'
[3.568s] Level 1:colcon.colcon_core.package_identification:_identify(.) by extensions ['cmake', 'python']
[3.568s] Level 1:colcon.colcon_core.package_identification:_identify(.) by extension 'cmake'
[3.569s] Level 1:colcon.colcon_core.package_identification:_identify(.) by extension 'python'
[3.569s] Level 1:colcon.colcon_core.package_identification:_identify(.) by extensions ['python_setup_py']
[3.569s] Level 1:colcon.colcon_core.package_identification:_identify(.) by extension 'python_setup_py'
[3.572s] Level 1:colcon.colcon_core.package_identification:_identify(build) by extensions ['ignore', 'ignore_ament_install']
[3.572s] Level 1:colcon.colcon_core.package_identification:_identify(build) by extension 'ignore'
[3.573s] Level 1:colcon.colcon_core.package_identification:_identify(build) ignored
[3.576s] Level 1:colcon.colcon_core.package_identification:_identify(install) by extensions ['ignore', 'ignore_ament_install']
[3.576s] Level 1:colcon.colcon_core.package_identification:_identify(install) by extension 'ignore'
[3.576s] Level 1:colcon.colcon_core.package_identification:_identify(install) ignored
[3.577s] Level 1:colcon.colcon_core.package_identification:_identify(log) by extensions ['ignore', 'ignore_ament_install']
[3.577s] Level 1:colcon.colcon_core.package_identification:_identify(log) by extension 'ignore'
[3.578s] Level 1:colcon.colcon_core.package_identification:_identify(log) ignored
[3.579s] Level 1:colcon.colcon_core.package_identification:_identify(modubot_ws) by extensions ['ignore', 'ignore_ament_install']
[3.579s] Level 1:colcon.colcon_core.package_identification:_identify(modubot_ws) by extension 'ignore'
[3.580s] Level 1:colcon.colcon_core.package_identification:_identify(modubot_ws) by extension 'ignore_ament_install'
[3.580s] Level 1:colcon.colcon_core.package_identification:_identify(modubot_ws) by extensions ['colcon_pkg']
[3.580s] Level 1:colcon.colcon_core.package_identification:_identify(modubot_ws) by extension 'colcon_pkg'
[3.580s] Level 1:colcon.colcon_core.package_identification:_identify(modubot_ws) by extensions ['colcon_meta']
[3.580s] Level 1:colcon.colcon_core.package_identification:_identify(modubot_ws) by extension 'colcon_meta'
[3.581s] Level 1:colcon.colcon_core.package_identification:_identify(modubot_ws) by extensions ['ros']
[3.581s] Level 1:colcon.colcon_core.package_identification:_identify(modubot_ws) by extension 'ros'
[3.581s] Level 1:colcon.colcon_core.package_identification:_identify(modubot_ws) by extensions ['cmake', 'python']
[3.582s] Level 1:colcon.colcon_core.package_identification:_identify(modubot_ws) by extension 'cmake'
[3.582s] Level 1:colcon.colcon_core.package_identification:_identify(modubot_ws) by extension 'python'
[3.582s] Level 1:colcon.colcon_core.package_identification:_identify(modubot_ws) by extensions ['python_setup_py']
[3.582s] Level 1:colcon.colcon_core.package_identification:_identify(modubot_ws) by extension 'python_setup_py'
[3.584s] Level 1:colcon.colcon_core.package_identification:_identify(modubot_ws/build) by extensions ['ignore', 'ignore_ament_install']
[3.584s] Level 1:colcon.colcon_core.package_identification:_identify(modubot_ws/build) by extension 'ignore'
[3.584s] Level 1:colcon.colcon_core.package_identification:_identify(modubot_ws/build) ignored
[3.585s] Level 1:colcon.colcon_core.package_identification:_identify(modubot_ws/install) by extensions ['ignore', 'ignore_ament_install']
[3.586s] Level 1:colcon.colcon_core.package_identification:_identify(modubot_ws/install) by extension 'ignore'
[3.586s] Level 1:colcon.colcon_core.package_identification:_identify(modubot_ws/install) ignored
[3.587s] Level 1:colcon.colcon_core.package_identification:_identify(modubot_ws/log) by extensions ['ignore', 'ignore_ament_install']
[3.587s] Level 1:colcon.colcon_core.package_identification:_identify(modubot_ws/log) by extension 'ignore'
[3.588s] Level 1:colcon.colcon_core.package_identification:_identify(modubot_ws/log) ignored
[3.588s] Level 1:colcon.colcon_core.package_identification:_identify(modubot_ws/src) by extensions ['ignore', 'ignore_ament_install']
[3.589s] Level 1:colcon.colcon_core.package_identification:_identify(modubot_ws/src) by extension 'ignore'
[3.589s] Level 1:colcon.colcon_core.package_identification:_identify(modubot_ws/src) by extension 'ignore_ament_install'
[3.589s] Level 1:colcon.colcon_core.package_identification:_identify(modubot_ws/src) by extensions ['colcon_pkg']
[3.589s] Level 1:colcon.colcon_core.package_identification:_identify(modubot_ws/src) by extension 'colcon_pkg'
[3.590s] Level 1:colcon.colcon_core.package_identification:_identify(modubot_ws/src) by extensions ['colcon_meta']
[3.590s] Level 1:colcon.colcon_core.package_identification:_identify(modubot_ws/src) by extension 'colcon_meta'
[3.590s] Level 1:colcon.colcon_core.package_identification:_identify(modubot_ws/src) by extensions ['ros']
[3.590s] Level 1:colcon.colcon_core.package_identification:_identify(modubot_ws/src) by extension 'ros'
[3.591s] Level 1:colcon.colcon_core.package_identification:_identify(modubot_ws/src) by extensions ['cmake', 'python']
[3.591s] Level 1:colcon.colcon_core.package_identification:_identify(modubot_ws/src) by extension 'cmake'
[3.591s] Level 1:colcon.colcon_core.package_identification:_identify(modubot_ws/src) by extension 'python'
[3.592s] Level 1:colcon.colcon_core.package_identification:_identify(modubot_ws/src) by extensions ['python_setup_py']
[3.592s] Level 1:colcon.colcon_core.package_identification:_identify(modubot_ws/src) by extension 'python_setup_py'
[3.593s] Level 1:colcon.colcon_core.package_identification:_identify(modubot_ws/src/build) by extensions ['ignore', 'ignore_ament_install']
[3.593s] Level 1:colcon.colcon_core.package_identification:_identify(modubot_ws/src/build) by extension 'ignore'
[3.593s] Level 1:colcon.colcon_core.package_identification:_identify(modubot_ws/src/build) ignored
[3.595s] Level 1:colcon.colcon_core.package_identification:_identify(modubot_ws/src/install) by extensions ['ignore', 'ignore_ament_install']
[3.595s] Level 1:colcon.colcon_core.package_identification:_identify(modubot_ws/src/install) by extension 'ignore'
[3.595s] Level 1:colcon.colcon_core.package_identification:_identify(modubot_ws/src/install) ignored
[3.596s] Level 1:colcon.colcon_core.package_identification:_identify(modubot_ws/src/log) by extensions ['ignore', 'ignore_ament_install']
[3.597s] Level 1:colcon.colcon_core.package_identification:_identify(modubot_ws/src/log) by extension 'ignore'
[3.597s] Level 1:colcon.colcon_core.package_identification:_identify(modubot_ws/src/log) ignored
[3.598s] Level 1:colcon.colcon_core.package_identification:_identify(modubot_ws/src/modubot_joystick) by extensions ['ignore', 'ignore_ament_install']
[3.599s] Level 1:colcon.colcon_core.package_identification:_identify(modubot_ws/src/modubot_joystick) by extension 'ignore'
[3.599s] Level 1:colcon.colcon_core.package_identification:_identify(modubot_ws/src/modubot_joystick) by extension 'ignore_ament_install'
[3.599s] Level 1:colcon.colcon_core.package_identification:_identify(modubot_ws/src/modubot_joystick) by extensions ['colcon_pkg']
[3.599s] Level 1:colcon.colcon_core.package_identification:_identify(modubot_ws/src/modubot_joystick) by extension 'colcon_pkg'
[3.600s] Level 1:colcon.colcon_core.package_identification:_identify(modubot_ws/src/modubot_joystick) by extensions ['colcon_meta']
[3.600s] Level 1:colcon.colcon_core.package_identification:_identify(modubot_ws/src/modubot_joystick) by extension 'colcon_meta'
[3.600s] Level 1:colcon.colcon_core.package_identification:_identify(modubot_ws/src/modubot_joystick) by extensions ['ros']
[3.600s] Level 1:colcon.colcon_core.package_identification:_identify(modubot_ws/src/modubot_joystick) by extension 'ros'
[3.615s] DEBUG:colcon.colcon_core.package_identification:Package 'modubot_ws/src/modubot_joystick' with type 'ros.ament_cmake' and name 'modubot_joystick'
[3.617s] Level 1:colcon.colcon_core.package_identification:_identify(modubot_ws/src/modubot_odom) by extensions ['ignore', 'ignore_ament_install']
[3.617s] Level 1:colcon.colcon_core.package_identification:_identify(modubot_ws/src/modubot_odom) by extension 'ignore'
[3.618s] Level 1:colcon.colcon_core.package_identification:_identify(modubot_ws/src/modubot_odom) by extension 'ignore_ament_install'
[3.618s] Level 1:colcon.colcon_core.package_identification:_identify(modubot_ws/src/modubot_odom) by extensions ['colcon_pkg']
[3.618s] Level 1:colcon.colcon_core.package_identification:_identify(modubot_ws/src/modubot_odom) by extension 'colcon_pkg'
[3.618s] Level 1:colcon.colcon_core.package_identification:_identify(modubot_ws/src/modubot_odom) by extensions ['colcon_meta']
[3.619s] Level 1:colcon.colcon_core.package_identification:_identify(modubot_ws/src/modubot_odom) by extension 'colcon_meta'
[3.619s] Level 1:colcon.colcon_core.package_identification:_identify(modubot_ws/src/modubot_odom) by extensions ['ros']
[3.619s] Level 1:colcon.colcon_core.package_identification:_identify(modubot_ws/src/modubot_odom) by extension 'ros'
[3.625s] DEBUG:colcon.colcon_core.package_identification:Package 'modubot_ws/src/modubot_odom' with type 'ros.ament_python' and name 'modubot_odom'
[3.626s] Level 1:colcon.colcon_core.package_identification:_identify(modubot_ws/src/modubot_teleop) by extensions ['ignore', 'ignore_ament_install']
[3.628s] Level 1:colcon.colcon_core.package_identification:_identify(modubot_ws/src/modubot_teleop) by extension 'ignore'
[3.629s] Level 1:colcon.colcon_core.package_identification:_identify(modubot_ws/src/modubot_teleop) by extension 'ignore_ament_install'
[3.630s] Level 1:colcon.colcon_core.package_identification:_identify(modubot_ws/src/modubot_teleop) by extensions ['colcon_pkg']
[3.631s] Level 1:colcon.colcon_core.package_identification:_identify(modubot_ws/src/modubot_teleop) by extension 'colcon_pkg'
[3.631s] Level 1:colcon.colcon_core.package_identification:_identify(modubot_ws/src/modubot_teleop) by extensions ['colcon_meta']
[3.631s] Level 1:colcon.colcon_core.package_identification:_identify(modubot_ws/src/modubot_teleop) by extension 'colcon_meta'
[3.632s] Level 1:colcon.colcon_core.package_identification:_identify(modubot_ws/src/modubot_teleop) by extensions ['ros']
[3.632s] Level 1:colcon.colcon_core.package_identification:_identify(modubot_ws/src/modubot_teleop) by extension 'ros'
[3.636s] DEBUG:colcon.colcon_core.package_identification:Package 'modubot_ws/src/modubot_teleop' with type 'ros.ament_python' and name 'modubot_teleop'
[3.638s] Level 1:colcon.colcon_core.package_identification:_identify(modubot_ws/teleop_twist_keyboard) by extensions ['ignore', 'ignore_ament_install']
[3.638s] Level 1:colcon.colcon_core.package_identification:_identify(modubot_ws/teleop_twist_keyboard) by extension 'ignore'
[3.638s] Level 1:colcon.colcon_core.package_identification:_identify(modubot_ws/teleop_twist_keyboard) by extension 'ignore_ament_install'
[3.639s] Level 1:colcon.colcon_core.package_identification:_identify(modubot_ws/teleop_twist_keyboard) by extensions ['colcon_pkg']
[3.639s] Level 1:colcon.colcon_core.package_identification:_identify(modubot_ws/teleop_twist_keyboard) by extension 'colcon_pkg'
[3.639s] Level 1:colcon.colcon_core.package_identification:_identify(modubot_ws/teleop_twist_keyboard) by extensions ['colcon_meta']
[3.639s] Level 1:colcon.colcon_core.package_identification:_identify(modubot_ws/teleop_twist_keyboard) by extension 'colcon_meta'
[3.640s] Level 1:colcon.colcon_core.package_identification:_identify(modubot_ws/teleop_twist_keyboard) by extensions ['ros']
[3.640s] Level 1:colcon.colcon_core.package_identification:_identify(modubot_ws/teleop_twist_keyboard) by extension 'ros'
[3.643s] DEBUG:colcon.colcon_core.package_identification:Package 'modubot_ws/teleop_twist_keyboard' with type 'ros.ament_python' and name 'teleop_twist_keyboard'
[3.644s] Level 1:colcon.colcon_core.package_discovery:discover_packages(recursive) using defaults
[3.645s] Level 1:colcon.colcon_core.package_discovery:discover_packages(ignore) discover
[3.645s] Level 1:colcon.colcon_core.package_discovery:discover_packages(ignore) using defaults
[3.645s] Level 1:colcon.colcon_core.package_discovery:discover_packages(path) discover
[3.645s] Level 1:colcon.colcon_core.package_discovery:discover_packages(path) using defaults
