[3.080s] Invoking command in '/workspace/build/teleop_twist_keyboard': PYTHONPATH=/workspace/build/teleop_twist_keyboard/prefix_override:/usr/lib/python3/dist-packages/colcon_core/task/python/colcon_distutils_commands:/workspace/install/teleop_twist_keyboard/lib/python3.10/site-packages:${PYTHONPATH} /usr/bin/python3 -W ignore:setup.py install is deprecated -W ignore:easy_install command is deprecated setup.py develop --editable --build-directory /workspace/build/teleop_twist_keyboard/build --no-deps symlink_data
[4.151s] running develop
[4.730s] running egg_info
[4.730s] creating teleop_twist_keyboard.egg-info
[4.731s] writing teleop_twist_keyboard.egg-info/PKG-INFO
[4.732s] writing dependency_links to teleop_twist_keyboard.egg-info/dependency_links.txt
[4.732s] writing entry points to teleop_twist_keyboard.egg-info/entry_points.txt
[4.733s] writing requirements to teleop_twist_keyboard.egg-info/requires.txt
[4.733s] writing top-level names to teleop_twist_keyboard.egg-info/top_level.txt
[4.734s] writing manifest file 'teleop_twist_keyboard.egg-info/SOURCES.txt'
[4.740s] reading manifest file 'teleop_twist_keyboard.egg-info/SOURCES.txt'
[4.742s] writing manifest file 'teleop_twist_keyboard.egg-info/SOURCES.txt'
[4.748s] running build_ext
[4.749s] Creating /workspace/install/teleop_twist_keyboard/lib/python3.10/site-packages/teleop-twist-keyboard.egg-link (link to .)
[4.752s] Installing teleop_twist_keyboard script to /workspace/install/teleop_twist_keyboard/lib/teleop_twist_keyboard
[4.753s] 
[4.754s] Installed /workspace/build/teleop_twist_keyboard
[4.755s] running symlink_data
[4.755s] creating /workspace/install/teleop_twist_keyboard/share/ament_index
[4.756s] creating /workspace/install/teleop_twist_keyboard/share/ament_index/resource_index
[4.756s] creating /workspace/install/teleop_twist_keyboard/share/ament_index/resource_index/packages
[4.757s] symbolically linking /workspace/build/teleop_twist_keyboard/resource/teleop_twist_keyboard -> /workspace/install/teleop_twist_keyboard/share/ament_index/resource_index/packages
[4.757s] symbolically linking /workspace/build/teleop_twist_keyboard/package.xml -> /workspace/install/teleop_twist_keyboard/share/teleop_twist_keyboard
[4.898s] Invoked command in '/workspace/build/teleop_twist_keyboard' returned '0': PYTHONPATH=/workspace/build/teleop_twist_keyboard/prefix_override:/usr/lib/python3/dist-packages/colcon_core/task/python/colcon_distutils_commands:/workspace/install/teleop_twist_keyboard/lib/python3.10/site-packages:${PYTHONPATH} /usr/bin/python3 -W ignore:setup.py install is deprecated -W ignore:easy_install command is deprecated setup.py develop --editable --build-directory /workspace/build/teleop_twist_keyboard/build --no-deps symlink_data
