-- The CXX compiler identification is GNU 11.4.0
-- Detecting CXX compiler ABI info
-- Detecting CXX compiler ABI info - done
-- Check for working CXX compiler: /usr/bin/c++ - skipped
-- Detecting CXX compile features
-- Detecting CXX compile features - done
-- Found ament_cmake: 1.3.12 (/opt/ros/humble/share/ament_cmake/cmake)
-- Found Python3: /usr/bin/python3 (found version "3.10.12") found components: Interpreter 
-- Override CMake install command with custom implementation using symlinks instead of copying resources
-- Configuring done
-- Generating done
-- Build files have been written to: /workspace/build/modubot_joystick
-- Install configuration: ""
-- Execute custom install script
-- Symlinking: /workspace/install/modubot_joystick/share/modubot_joystick/launch/__pycache__/joystick_teleop.launch.cpython-36.pyc
-- Symlinking: /workspace/install/modubot_joystick/share/modubot_joystick/launch/joystick_teleop.launch.py
-- Symlinking: /workspace/install/modubot_joystick/share/modubot_joystick/config/.source.swp
-- Symlinking: /workspace/install/modubot_joystick/share/modubot_joystick/config/teleop.yaml
-- Symlinking: /workspace/install/modubot_joystick/share/ament_index/resource_index/package_run_dependencies/modubot_joystick
-- Symlinking: /workspace/install/modubot_joystick/share/ament_index/resource_index/parent_prefix_path/modubot_joystick
-- Symlinking: /workspace/install/modubot_joystick/share/modubot_joystick/environment/ament_prefix_path.sh
-- Symlinking: /workspace/install/modubot_joystick/share/modubot_joystick/environment/ament_prefix_path.dsv
-- Symlinking: /workspace/install/modubot_joystick/share/modubot_joystick/environment/path.sh
-- Symlinking: /workspace/install/modubot_joystick/share/modubot_joystick/environment/path.dsv
-- Symlinking: /workspace/install/modubot_joystick/share/modubot_joystick/local_setup.bash
-- Symlinking: /workspace/install/modubot_joystick/share/modubot_joystick/local_setup.sh
-- Symlinking: /workspace/install/modubot_joystick/share/modubot_joystick/local_setup.zsh
-- Symlinking: /workspace/install/modubot_joystick/share/modubot_joystick/local_setup.dsv
-- Symlinking: /workspace/install/modubot_joystick/share/modubot_joystick/package.dsv
-- Symlinking: /workspace/install/modubot_joystick/share/ament_index/resource_index/packages/modubot_joystick
-- Symlinking: /workspace/install/modubot_joystick/share/modubot_joystick/cmake/modubot_joystickConfig.cmake
-- Symlinking: /workspace/install/modubot_joystick/share/modubot_joystick/cmake/modubot_joystickConfig-version.cmake
-- Symlinking: /workspace/install/modubot_joystick/share/modubot_joystick/package.xml
