[0.986s] DEBUG:colcon:Command line arguments: ['/usr/bin/colcon', 'build', '--symlink-install']
[0.986s] DEBUG:colcon:Parsed command line arguments: Namespace(log_base=None, log_level=None, verb_name='build', build_base='build', install_base='install', merge_install=False, symlink_install=True, test_result_base=None, continue_on_error=False, executor='parallel', parallel_workers=4, event_handlers=None, ignore_user_meta=False, metas=['./colcon.meta'], base_paths=['.'], packages_ignore=None, packages_ignore_regex=None, paths=None, packages_up_to=None, packages_up_to_regex=None, packages_above=None, packages_above_and_dependencies=None, packages_above_depth=None, packages_select_by_dep=None, packages_skip_by_dep=None, packages_skip_up_to=None, packages_select_build_failed=False, packages_skip_build_finished=False, packages_select_test_failures=False, packages_skip_test_passed=False, packages_select=None, packages_skip=None, packages_select_regex=None, packages_skip_regex=None, packages_start=None, packages_end=None, allow_overriding=[], cmake_args=None, cmake_target=None, cmake_target_skip_unavailable=False, cmake_clean_cache=False, cmake_clean_first=False, cmake_force_configure=False, ament_cmake_args=None, catkin_cmake_args=None, catkin_skip_building_tests=False, verb_parser=<colcon_defaults.argument_parser.defaults.DefaultArgumentsDecorator object at 0x7f89548c40>, verb_extension=<colcon_core.verb.build.BuildVerb object at 0x7f89705f30>, main=<bound method BuildVerb.main of <colcon_core.verb.build.BuildVerb object at 0x7f89705f30>>)
[1.821s] Level 1:colcon.colcon_core.package_discovery:discover_packages(colcon_meta) check parameters
[1.822s] Level 1:colcon.colcon_core.package_discovery:discover_packages(recursive) check parameters
[1.826s] Level 1:colcon.colcon_core.package_discovery:discover_packages(ignore) check parameters
[1.826s] Level 1:colcon.colcon_core.package_discovery:discover_packages(path) check parameters
[1.826s] Level 1:colcon.colcon_core.package_discovery:discover_packages(colcon_meta) discover
[1.826s] Level 1:colcon.colcon_core.package_discovery:discover_packages(recursive) discover
[1.826s] INFO:colcon.colcon_core.package_discovery:Crawling recursively for packages in '/workspace'
[1.827s] Level 1:colcon.colcon_core.package_identification:_identify(.) by extensions ['ignore', 'ignore_ament_install']
[1.827s] Level 1:colcon.colcon_core.package_identification:_identify(.) by extension 'ignore'
[1.827s] Level 1:colcon.colcon_core.package_identification:_identify(.) by extension 'ignore_ament_install'
[1.828s] Level 1:colcon.colcon_core.package_identification:_identify(.) by extensions ['colcon_pkg']
[1.828s] Level 1:colcon.colcon_core.package_identification:_identify(.) by extension 'colcon_pkg'
[1.828s] Level 1:colcon.colcon_core.package_identification:_identify(.) by extensions ['colcon_meta']
[1.828s] Level 1:colcon.colcon_core.package_identification:_identify(.) by extension 'colcon_meta'
[1.828s] Level 1:colcon.colcon_core.package_identification:_identify(.) by extensions ['ros']
[1.828s] Level 1:colcon.colcon_core.package_identification:_identify(.) by extension 'ros'
[1.891s] Level 1:colcon.colcon_core.package_identification:_identify(.) by extensions ['cmake', 'python']
[1.891s] Level 1:colcon.colcon_core.package_identification:_identify(.) by extension 'cmake'
[1.891s] Level 1:colcon.colcon_core.package_identification:_identify(.) by extension 'python'
[1.891s] Level 1:colcon.colcon_core.package_identification:_identify(.) by extensions ['python_setup_py']
[1.892s] Level 1:colcon.colcon_core.package_identification:_identify(.) by extension 'python_setup_py'
[1.894s] Level 1:colcon.colcon_core.package_identification:_identify(Firmwere Esp32) by extensions ['ignore', 'ignore_ament_install']
[1.895s] Level 1:colcon.colcon_core.package_identification:_identify(Firmwere Esp32) by extension 'ignore'
[1.895s] Level 1:colcon.colcon_core.package_identification:_identify(Firmwere Esp32) by extension 'ignore_ament_install'
[1.896s] Level 1:colcon.colcon_core.package_identification:_identify(Firmwere Esp32) by extensions ['colcon_pkg']
[1.896s] Level 1:colcon.colcon_core.package_identification:_identify(Firmwere Esp32) by extension 'colcon_pkg'
[1.896s] Level 1:colcon.colcon_core.package_identification:_identify(Firmwere Esp32) by extensions ['colcon_meta']
[1.897s] Level 1:colcon.colcon_core.package_identification:_identify(Firmwere Esp32) by extension 'colcon_meta'
[1.897s] Level 1:colcon.colcon_core.package_identification:_identify(Firmwere Esp32) by extensions ['ros']
[1.897s] Level 1:colcon.colcon_core.package_identification:_identify(Firmwere Esp32) by extension 'ros'
[1.897s] Level 1:colcon.colcon_core.package_identification:_identify(Firmwere Esp32) by extensions ['cmake', 'python']
[1.897s] Level 1:colcon.colcon_core.package_identification:_identify(Firmwere Esp32) by extension 'cmake'
[1.898s] Level 1:colcon.colcon_core.package_identification:_identify(Firmwere Esp32) by extension 'python'
[1.898s] Level 1:colcon.colcon_core.package_identification:_identify(Firmwere Esp32) by extensions ['python_setup_py']
[1.898s] Level 1:colcon.colcon_core.package_identification:_identify(Firmwere Esp32) by extension 'python_setup_py'
[1.898s] Level 1:colcon.colcon_core.package_identification:_identify(build) by extensions ['ignore', 'ignore_ament_install']
[1.899s] Level 1:colcon.colcon_core.package_identification:_identify(build) by extension 'ignore'
[1.899s] Level 1:colcon.colcon_core.package_identification:_identify(build) ignored
[1.899s] Level 1:colcon.colcon_core.package_identification:_identify(install) by extensions ['ignore', 'ignore_ament_install']
[1.900s] Level 1:colcon.colcon_core.package_identification:_identify(install) by extension 'ignore'
[1.900s] Level 1:colcon.colcon_core.package_identification:_identify(install) ignored
[1.900s] Level 1:colcon.colcon_core.package_identification:_identify(log) by extensions ['ignore', 'ignore_ament_install']
[1.901s] Level 1:colcon.colcon_core.package_identification:_identify(log) by extension 'ignore'
[1.901s] Level 1:colcon.colcon_core.package_identification:_identify(log) ignored
[1.901s] Level 1:colcon.colcon_core.package_identification:_identify(modubot_ws) by extensions ['ignore', 'ignore_ament_install']
[1.901s] Level 1:colcon.colcon_core.package_identification:_identify(modubot_ws) by extension 'ignore'
[1.902s] Level 1:colcon.colcon_core.package_identification:_identify(modubot_ws) by extension 'ignore_ament_install'
[1.902s] Level 1:colcon.colcon_core.package_identification:_identify(modubot_ws) by extensions ['colcon_pkg']
[1.902s] Level 1:colcon.colcon_core.package_identification:_identify(modubot_ws) by extension 'colcon_pkg'
[1.902s] Level 1:colcon.colcon_core.package_identification:_identify(modubot_ws) by extensions ['colcon_meta']
[1.902s] Level 1:colcon.colcon_core.package_identification:_identify(modubot_ws) by extension 'colcon_meta'
[1.902s] Level 1:colcon.colcon_core.package_identification:_identify(modubot_ws) by extensions ['ros']
[1.903s] Level 1:colcon.colcon_core.package_identification:_identify(modubot_ws) by extension 'ros'
[1.903s] Level 1:colcon.colcon_core.package_identification:_identify(modubot_ws) by extensions ['cmake', 'python']
[1.903s] Level 1:colcon.colcon_core.package_identification:_identify(modubot_ws) by extension 'cmake'
[1.903s] Level 1:colcon.colcon_core.package_identification:_identify(modubot_ws) by extension 'python'
[1.903s] Level 1:colcon.colcon_core.package_identification:_identify(modubot_ws) by extensions ['python_setup_py']
[1.904s] Level 1:colcon.colcon_core.package_identification:_identify(modubot_ws) by extension 'python_setup_py'
[1.904s] Level 1:colcon.colcon_core.package_identification:_identify(modubot_ws/build) by extensions ['ignore', 'ignore_ament_install']
[1.904s] Level 1:colcon.colcon_core.package_identification:_identify(modubot_ws/build) by extension 'ignore'
[1.905s] Level 1:colcon.colcon_core.package_identification:_identify(modubot_ws/build) ignored
[1.905s] Level 1:colcon.colcon_core.package_identification:_identify(modubot_ws/install) by extensions ['ignore', 'ignore_ament_install']
[1.905s] Level 1:colcon.colcon_core.package_identification:_identify(modubot_ws/install) by extension 'ignore'
[1.906s] Level 1:colcon.colcon_core.package_identification:_identify(modubot_ws/install) ignored
[1.906s] Level 1:colcon.colcon_core.package_identification:_identify(modubot_ws/log) by extensions ['ignore', 'ignore_ament_install']
[1.906s] Level 1:colcon.colcon_core.package_identification:_identify(modubot_ws/log) by extension 'ignore'
[1.906s] Level 1:colcon.colcon_core.package_identification:_identify(modubot_ws/log) ignored
[1.907s] Level 1:colcon.colcon_core.package_identification:_identify(modubot_ws/src) by extensions ['ignore', 'ignore_ament_install']
[1.907s] Level 1:colcon.colcon_core.package_identification:_identify(modubot_ws/src) by extension 'ignore'
[1.907s] Level 1:colcon.colcon_core.package_identification:_identify(modubot_ws/src) by extension 'ignore_ament_install'
[1.908s] Level 1:colcon.colcon_core.package_identification:_identify(modubot_ws/src) by extensions ['colcon_pkg']
[1.908s] Level 1:colcon.colcon_core.package_identification:_identify(modubot_ws/src) by extension 'colcon_pkg'
[1.908s] Level 1:colcon.colcon_core.package_identification:_identify(modubot_ws/src) by extensions ['colcon_meta']
[1.908s] Level 1:colcon.colcon_core.package_identification:_identify(modubot_ws/src) by extension 'colcon_meta'
[1.908s] Level 1:colcon.colcon_core.package_identification:_identify(modubot_ws/src) by extensions ['ros']
[1.908s] Level 1:colcon.colcon_core.package_identification:_identify(modubot_ws/src) by extension 'ros'
[1.909s] Level 1:colcon.colcon_core.package_identification:_identify(modubot_ws/src) by extensions ['cmake', 'python']
[1.909s] Level 1:colcon.colcon_core.package_identification:_identify(modubot_ws/src) by extension 'cmake'
[1.909s] Level 1:colcon.colcon_core.package_identification:_identify(modubot_ws/src) by extension 'python'
[1.909s] Level 1:colcon.colcon_core.package_identification:_identify(modubot_ws/src) by extensions ['python_setup_py']
[1.909s] Level 1:colcon.colcon_core.package_identification:_identify(modubot_ws/src) by extension 'python_setup_py'
[1.911s] Level 1:colcon.colcon_core.package_identification:_identify(modubot_ws/src/modubot_joystick) by extensions ['ignore', 'ignore_ament_install']
[1.911s] Level 1:colcon.colcon_core.package_identification:_identify(modubot_ws/src/modubot_joystick) by extension 'ignore'
[1.911s] Level 1:colcon.colcon_core.package_identification:_identify(modubot_ws/src/modubot_joystick) by extension 'ignore_ament_install'
[1.912s] Level 1:colcon.colcon_core.package_identification:_identify(modubot_ws/src/modubot_joystick) by extensions ['colcon_pkg']
[1.912s] Level 1:colcon.colcon_core.package_identification:_identify(modubot_ws/src/modubot_joystick) by extension 'colcon_pkg'
[1.912s] Level 1:colcon.colcon_core.package_identification:_identify(modubot_ws/src/modubot_joystick) by extensions ['colcon_meta']
[1.912s] Level 1:colcon.colcon_core.package_identification:_identify(modubot_ws/src/modubot_joystick) by extension 'colcon_meta'
[1.912s] Level 1:colcon.colcon_core.package_identification:_identify(modubot_ws/src/modubot_joystick) by extensions ['ros']
[1.913s] Level 1:colcon.colcon_core.package_identification:_identify(modubot_ws/src/modubot_joystick) by extension 'ros'
[1.925s] DEBUG:colcon.colcon_core.package_identification:Package 'modubot_ws/src/modubot_joystick' with type 'ros.ament_cmake' and name 'modubot_joystick'
[1.925s] Level 1:colcon.colcon_core.package_identification:_identify(modubot_ws/src/modubot_model_description) by extensions ['ignore', 'ignore_ament_install']
[1.926s] Level 1:colcon.colcon_core.package_identification:_identify(modubot_ws/src/modubot_model_description) by extension 'ignore'
[1.926s] Level 1:colcon.colcon_core.package_identification:_identify(modubot_ws/src/modubot_model_description) by extension 'ignore_ament_install'
[1.926s] Level 1:colcon.colcon_core.package_identification:_identify(modubot_ws/src/modubot_model_description) by extensions ['colcon_pkg']
[1.926s] Level 1:colcon.colcon_core.package_identification:_identify(modubot_ws/src/modubot_model_description) by extension 'colcon_pkg'
[1.927s] Level 1:colcon.colcon_core.package_identification:_identify(modubot_ws/src/modubot_model_description) by extensions ['colcon_meta']
[1.927s] Level 1:colcon.colcon_core.package_identification:_identify(modubot_ws/src/modubot_model_description) by extension 'colcon_meta'
[1.927s] Level 1:colcon.colcon_core.package_identification:_identify(modubot_ws/src/modubot_model_description) by extensions ['ros']
[1.927s] Level 1:colcon.colcon_core.package_identification:_identify(modubot_ws/src/modubot_model_description) by extension 'ros'
[1.930s] DEBUG:colcon.colcon_core.package_identification:Package 'modubot_ws/src/modubot_model_description' with type 'ros.ament_cmake' and name 'modubot_model_description'
[1.930s] Level 1:colcon.colcon_core.package_identification:_identify(modubot_ws/src/modubot_nav2) by extensions ['ignore', 'ignore_ament_install']
[1.931s] Level 1:colcon.colcon_core.package_identification:_identify(modubot_ws/src/modubot_nav2) by extension 'ignore'
[1.931s] Level 1:colcon.colcon_core.package_identification:_identify(modubot_ws/src/modubot_nav2) by extension 'ignore_ament_install'
[1.931s] Level 1:colcon.colcon_core.package_identification:_identify(modubot_ws/src/modubot_nav2) by extensions ['colcon_pkg']
[1.931s] Level 1:colcon.colcon_core.package_identification:_identify(modubot_ws/src/modubot_nav2) by extension 'colcon_pkg'
[1.931s] Level 1:colcon.colcon_core.package_identification:_identify(modubot_ws/src/modubot_nav2) by extensions ['colcon_meta']
[1.932s] Level 1:colcon.colcon_core.package_identification:_identify(modubot_ws/src/modubot_nav2) by extension 'colcon_meta'
[1.932s] Level 1:colcon.colcon_core.package_identification:_identify(modubot_ws/src/modubot_nav2) by extensions ['ros']
[1.932s] Level 1:colcon.colcon_core.package_identification:_identify(modubot_ws/src/modubot_nav2) by extension 'ros'
[1.935s] DEBUG:colcon.colcon_core.package_identification:Package 'modubot_ws/src/modubot_nav2' with type 'ros.ament_cmake' and name 'modubot_nav2'
[1.935s] Level 1:colcon.colcon_core.package_identification:_identify(modubot_ws/src/modubot_odom) by extensions ['ignore', 'ignore_ament_install']
[1.936s] Level 1:colcon.colcon_core.package_identification:_identify(modubot_ws/src/modubot_odom) by extension 'ignore'
[1.936s] Level 1:colcon.colcon_core.package_identification:_identify(modubot_ws/src/modubot_odom) by extension 'ignore_ament_install'
[1.936s] Level 1:colcon.colcon_core.package_identification:_identify(modubot_ws/src/modubot_odom) by extensions ['colcon_pkg']
[1.937s] Level 1:colcon.colcon_core.package_identification:_identify(modubot_ws/src/modubot_odom) by extension 'colcon_pkg'
[1.937s] Level 1:colcon.colcon_core.package_identification:_identify(modubot_ws/src/modubot_odom) by extensions ['colcon_meta']
[1.937s] Level 1:colcon.colcon_core.package_identification:_identify(modubot_ws/src/modubot_odom) by extension 'colcon_meta'
[1.937s] Level 1:colcon.colcon_core.package_identification:_identify(modubot_ws/src/modubot_odom) by extensions ['ros']
[1.937s] Level 1:colcon.colcon_core.package_identification:_identify(modubot_ws/src/modubot_odom) by extension 'ros'
[1.942s] DEBUG:colcon.colcon_core.package_identification:Package 'modubot_ws/src/modubot_odom' with type 'ros.ament_python' and name 'modubot_odom'
[1.943s] Level 1:colcon.colcon_core.package_identification:_identify(modubot_ws/src/modubot_teleop) by extensions ['ignore', 'ignore_ament_install']
[1.943s] Level 1:colcon.colcon_core.package_identification:_identify(modubot_ws/src/modubot_teleop) by extension 'ignore'
[1.943s] Level 1:colcon.colcon_core.package_identification:_identify(modubot_ws/src/modubot_teleop) by extension 'ignore_ament_install'
[1.943s] Level 1:colcon.colcon_core.package_identification:_identify(modubot_ws/src/modubot_teleop) by extensions ['colcon_pkg']
[1.943s] Level 1:colcon.colcon_core.package_identification:_identify(modubot_ws/src/modubot_teleop) by extension 'colcon_pkg'
[1.944s] Level 1:colcon.colcon_core.package_identification:_identify(modubot_ws/src/modubot_teleop) by extensions ['colcon_meta']
[1.944s] Level 1:colcon.colcon_core.package_identification:_identify(modubot_ws/src/modubot_teleop) by extension 'colcon_meta'
[1.944s] Level 1:colcon.colcon_core.package_identification:_identify(modubot_ws/src/modubot_teleop) by extensions ['ros']
[1.944s] Level 1:colcon.colcon_core.package_identification:_identify(modubot_ws/src/modubot_teleop) by extension 'ros'
[1.947s] DEBUG:colcon.colcon_core.package_identification:Package 'modubot_ws/src/modubot_teleop' with type 'ros.ament_python' and name 'modubot_teleop'
[1.948s] Level 1:colcon.colcon_core.package_identification:_identify(modubot_ws/src/rplidar_ros) by extensions ['ignore', 'ignore_ament_install']
[1.948s] Level 1:colcon.colcon_core.package_identification:_identify(modubot_ws/src/rplidar_ros) by extension 'ignore'
[1.948s] Level 1:colcon.colcon_core.package_identification:_identify(modubot_ws/src/rplidar_ros) by extension 'ignore_ament_install'
[1.949s] Level 1:colcon.colcon_core.package_identification:_identify(modubot_ws/src/rplidar_ros) by extensions ['colcon_pkg']
[1.949s] Level 1:colcon.colcon_core.package_identification:_identify(modubot_ws/src/rplidar_ros) by extension 'colcon_pkg'
[1.949s] Level 1:colcon.colcon_core.package_identification:_identify(modubot_ws/src/rplidar_ros) by extensions ['colcon_meta']
[1.949s] Level 1:colcon.colcon_core.package_identification:_identify(modubot_ws/src/rplidar_ros) by extension 'colcon_meta'
[1.949s] Level 1:colcon.colcon_core.package_identification:_identify(modubot_ws/src/rplidar_ros) by extensions ['ros']
[1.949s] Level 1:colcon.colcon_core.package_identification:_identify(modubot_ws/src/rplidar_ros) by extension 'ros'
[1.953s] DEBUG:colcon.colcon_core.package_identification:Package 'modubot_ws/src/rplidar_ros' with type 'ros.ament_cmake' and name 'rplidar_ros'
[1.953s] Level 1:colcon.colcon_core.package_identification:_identify(modubot_ws/src/teleop_twist_keyboard) by extensions ['ignore', 'ignore_ament_install']
[1.953s] Level 1:colcon.colcon_core.package_identification:_identify(modubot_ws/src/teleop_twist_keyboard) by extension 'ignore'
[1.954s] Level 1:colcon.colcon_core.package_identification:_identify(modubot_ws/src/teleop_twist_keyboard) by extension 'ignore_ament_install'
[1.954s] Level 1:colcon.colcon_core.package_identification:_identify(modubot_ws/src/teleop_twist_keyboard) by extensions ['colcon_pkg']
[1.954s] Level 1:colcon.colcon_core.package_identification:_identify(modubot_ws/src/teleop_twist_keyboard) by extension 'colcon_pkg'
[1.954s] Level 1:colcon.colcon_core.package_identification:_identify(modubot_ws/src/teleop_twist_keyboard) by extensions ['colcon_meta']
[1.954s] Level 1:colcon.colcon_core.package_identification:_identify(modubot_ws/src/teleop_twist_keyboard) by extension 'colcon_meta'
[1.955s] Level 1:colcon.colcon_core.package_identification:_identify(modubot_ws/src/teleop_twist_keyboard) by extensions ['ros']
[1.955s] Level 1:colcon.colcon_core.package_identification:_identify(modubot_ws/src/teleop_twist_keyboard) by extension 'ros'
[1.958s] DEBUG:colcon.colcon_core.package_identification:Package 'modubot_ws/src/teleop_twist_keyboard' with type 'ros.ament_python' and name 'teleop_twist_keyboard'
[1.958s] Level 1:colcon.colcon_core.package_discovery:discover_packages(recursive) using defaults
[1.958s] Level 1:colcon.colcon_core.package_discovery:discover_packages(ignore) discover
[1.958s] Level 1:colcon.colcon_core.package_discovery:discover_packages(ignore) using defaults
[1.958s] Level 1:colcon.colcon_core.package_discovery:discover_packages(path) discover
[1.959s] Level 1:colcon.colcon_core.package_discovery:discover_packages(path) using defaults
[2.089s] Level 1:colcon.colcon_core.package_discovery:discover_packages(prefix_path) check parameters
[2.089s] Level 1:colcon.colcon_core.package_discovery:discover_packages(prefix_path) discover
[2.104s] DEBUG:colcon.colcon_installed_package_information.package_discovery:Found 243 installed packages in /opt/ros/humble
[2.111s] Level 1:colcon.colcon_core.package_discovery:discover_packages(prefix_path) using defaults
[2.384s] Level 5:colcon.colcon_core.verb:set package 'modubot_joystick' build argument 'cmake_args' from command line to 'None'
[2.385s] Level 5:colcon.colcon_core.verb:set package 'modubot_joystick' build argument 'cmake_target' from command line to 'None'
[2.385s] Level 5:colcon.colcon_core.verb:set package 'modubot_joystick' build argument 'cmake_target_skip_unavailable' from command line to 'False'
[2.385s] Level 5:colcon.colcon_core.verb:set package 'modubot_joystick' build argument 'cmake_clean_cache' from command line to 'False'
[2.385s] Level 5:colcon.colcon_core.verb:set package 'modubot_joystick' build argument 'cmake_clean_first' from command line to 'False'
[2.385s] Level 5:colcon.colcon_core.verb:set package 'modubot_joystick' build argument 'cmake_force_configure' from command line to 'False'
[2.385s] Level 5:colcon.colcon_core.verb:set package 'modubot_joystick' build argument 'ament_cmake_args' from command line to 'None'
[2.385s] Level 5:colcon.colcon_core.verb:set package 'modubot_joystick' build argument 'catkin_cmake_args' from command line to 'None'
[2.386s] Level 5:colcon.colcon_core.verb:set package 'modubot_joystick' build argument 'catkin_skip_building_tests' from command line to 'False'
[2.386s] DEBUG:colcon.colcon_core.verb:Building package 'modubot_joystick' with the following arguments: {'ament_cmake_args': None, 'build_base': '/workspace/build/modubot_joystick', 'catkin_cmake_args': None, 'catkin_skip_building_tests': False, 'cmake_args': None, 'cmake_clean_cache': False, 'cmake_clean_first': False, 'cmake_force_configure': False, 'cmake_target': None, 'cmake_target_skip_unavailable': False, 'install_base': '/workspace/install/modubot_joystick', 'merge_install': False, 'path': '/workspace/modubot_ws/src/modubot_joystick', 'symlink_install': True, 'test_result_base': None}
[2.387s] Level 5:colcon.colcon_core.verb:set package 'modubot_model_description' build argument 'cmake_args' from command line to 'None'
[2.388s] Level 5:colcon.colcon_core.verb:set package 'modubot_model_description' build argument 'cmake_target' from command line to 'None'
[2.388s] Level 5:colcon.colcon_core.verb:set package 'modubot_model_description' build argument 'cmake_target_skip_unavailable' from command line to 'False'
[2.388s] Level 5:colcon.colcon_core.verb:set package 'modubot_model_description' build argument 'cmake_clean_cache' from command line to 'False'
[2.388s] Level 5:colcon.colcon_core.verb:set package 'modubot_model_description' build argument 'cmake_clean_first' from command line to 'False'
[2.388s] Level 5:colcon.colcon_core.verb:set package 'modubot_model_description' build argument 'cmake_force_configure' from command line to 'False'
[2.388s] Level 5:colcon.colcon_core.verb:set package 'modubot_model_description' build argument 'ament_cmake_args' from command line to 'None'
[2.388s] Level 5:colcon.colcon_core.verb:set package 'modubot_model_description' build argument 'catkin_cmake_args' from command line to 'None'
[2.389s] Level 5:colcon.colcon_core.verb:set package 'modubot_model_description' build argument 'catkin_skip_building_tests' from command line to 'False'
[2.389s] DEBUG:colcon.colcon_core.verb:Building package 'modubot_model_description' with the following arguments: {'ament_cmake_args': None, 'build_base': '/workspace/build/modubot_model_description', 'catkin_cmake_args': None, 'catkin_skip_building_tests': False, 'cmake_args': None, 'cmake_clean_cache': False, 'cmake_clean_first': False, 'cmake_force_configure': False, 'cmake_target': None, 'cmake_target_skip_unavailable': False, 'install_base': '/workspace/install/modubot_model_description', 'merge_install': False, 'path': '/workspace/modubot_ws/src/modubot_model_description', 'symlink_install': True, 'test_result_base': None}
[2.390s] Level 5:colcon.colcon_core.verb:set package 'modubot_nav2' build argument 'cmake_args' from command line to 'None'
[2.391s] Level 5:colcon.colcon_core.verb:set package 'modubot_nav2' build argument 'cmake_target' from command line to 'None'
[2.391s] Level 5:colcon.colcon_core.verb:set package 'modubot_nav2' build argument 'cmake_target_skip_unavailable' from command line to 'False'
[2.391s] Level 5:colcon.colcon_core.verb:set package 'modubot_nav2' build argument 'cmake_clean_cache' from command line to 'False'
[2.391s] Level 5:colcon.colcon_core.verb:set package 'modubot_nav2' build argument 'cmake_clean_first' from command line to 'False'
[2.391s] Level 5:colcon.colcon_core.verb:set package 'modubot_nav2' build argument 'cmake_force_configure' from command line to 'False'
[2.391s] Level 5:colcon.colcon_core.verb:set package 'modubot_nav2' build argument 'ament_cmake_args' from command line to 'None'
[2.391s] Level 5:colcon.colcon_core.verb:set package 'modubot_nav2' build argument 'catkin_cmake_args' from command line to 'None'
[2.391s] Level 5:colcon.colcon_core.verb:set package 'modubot_nav2' build argument 'catkin_skip_building_tests' from command line to 'False'
[2.392s] DEBUG:colcon.colcon_core.verb:Building package 'modubot_nav2' with the following arguments: {'ament_cmake_args': None, 'build_base': '/workspace/build/modubot_nav2', 'catkin_cmake_args': None, 'catkin_skip_building_tests': False, 'cmake_args': None, 'cmake_clean_cache': False, 'cmake_clean_first': False, 'cmake_force_configure': False, 'cmake_target': None, 'cmake_target_skip_unavailable': False, 'install_base': '/workspace/install/modubot_nav2', 'merge_install': False, 'path': '/workspace/modubot_ws/src/modubot_nav2', 'symlink_install': True, 'test_result_base': None}
[2.393s] Level 5:colcon.colcon_core.verb:set package 'modubot_odom' build argument 'cmake_args' from command line to 'None'
[2.393s] Level 5:colcon.colcon_core.verb:set package 'modubot_odom' build argument 'cmake_target' from command line to 'None'
[2.394s] Level 5:colcon.colcon_core.verb:set package 'modubot_odom' build argument 'cmake_target_skip_unavailable' from command line to 'False'
[2.394s] Level 5:colcon.colcon_core.verb:set package 'modubot_odom' build argument 'cmake_clean_cache' from command line to 'False'
[2.394s] Level 5:colcon.colcon_core.verb:set package 'modubot_odom' build argument 'cmake_clean_first' from command line to 'False'
[2.394s] Level 5:colcon.colcon_core.verb:set package 'modubot_odom' build argument 'cmake_force_configure' from command line to 'False'
[2.394s] Level 5:colcon.colcon_core.verb:set package 'modubot_odom' build argument 'ament_cmake_args' from command line to 'None'
[2.394s] Level 5:colcon.colcon_core.verb:set package 'modubot_odom' build argument 'catkin_cmake_args' from command line to 'None'
[2.394s] Level 5:colcon.colcon_core.verb:set package 'modubot_odom' build argument 'catkin_skip_building_tests' from command line to 'False'
[2.394s] DEBUG:colcon.colcon_core.verb:Building package 'modubot_odom' with the following arguments: {'ament_cmake_args': None, 'build_base': '/workspace/build/modubot_odom', 'catkin_cmake_args': None, 'catkin_skip_building_tests': False, 'cmake_args': None, 'cmake_clean_cache': False, 'cmake_clean_first': False, 'cmake_force_configure': False, 'cmake_target': None, 'cmake_target_skip_unavailable': False, 'install_base': '/workspace/install/modubot_odom', 'merge_install': False, 'path': '/workspace/modubot_ws/src/modubot_odom', 'symlink_install': True, 'test_result_base': None}
[2.396s] Level 5:colcon.colcon_core.verb:set package 'modubot_teleop' build argument 'cmake_args' from command line to 'None'
[2.396s] Level 5:colcon.colcon_core.verb:set package 'modubot_teleop' build argument 'cmake_target' from command line to 'None'
[2.396s] Level 5:colcon.colcon_core.verb:set package 'modubot_teleop' build argument 'cmake_target_skip_unavailable' from command line to 'False'
[2.396s] Level 5:colcon.colcon_core.verb:set package 'modubot_teleop' build argument 'cmake_clean_cache' from command line to 'False'
[2.397s] Level 5:colcon.colcon_core.verb:set package 'modubot_teleop' build argument 'cmake_clean_first' from command line to 'False'
[2.397s] Level 5:colcon.colcon_core.verb:set package 'modubot_teleop' build argument 'cmake_force_configure' from command line to 'False'
[2.397s] Level 5:colcon.colcon_core.verb:set package 'modubot_teleop' build argument 'ament_cmake_args' from command line to 'None'
[2.397s] Level 5:colcon.colcon_core.verb:set package 'modubot_teleop' build argument 'catkin_cmake_args' from command line to 'None'
[2.397s] Level 5:colcon.colcon_core.verb:set package 'modubot_teleop' build argument 'catkin_skip_building_tests' from command line to 'False'
[2.397s] DEBUG:colcon.colcon_core.verb:Building package 'modubot_teleop' with the following arguments: {'ament_cmake_args': None, 'build_base': '/workspace/build/modubot_teleop', 'catkin_cmake_args': None, 'catkin_skip_building_tests': False, 'cmake_args': None, 'cmake_clean_cache': False, 'cmake_clean_first': False, 'cmake_force_configure': False, 'cmake_target': None, 'cmake_target_skip_unavailable': False, 'install_base': '/workspace/install/modubot_teleop', 'merge_install': False, 'path': '/workspace/modubot_ws/src/modubot_teleop', 'symlink_install': True, 'test_result_base': None}
[2.399s] Level 5:colcon.colcon_core.verb:set package 'rplidar_ros' build argument 'cmake_args' from command line to 'None'
[2.399s] Level 5:colcon.colcon_core.verb:set package 'rplidar_ros' build argument 'cmake_target' from command line to 'None'
[2.399s] Level 5:colcon.colcon_core.verb:set package 'rplidar_ros' build argument 'cmake_target_skip_unavailable' from command line to 'False'
[2.399s] Level 5:colcon.colcon_core.verb:set package 'rplidar_ros' build argument 'cmake_clean_cache' from command line to 'False'
[2.399s] Level 5:colcon.colcon_core.verb:set package 'rplidar_ros' build argument 'cmake_clean_first' from command line to 'False'
[2.399s] Level 5:colcon.colcon_core.verb:set package 'rplidar_ros' build argument 'cmake_force_configure' from command line to 'False'
[2.400s] Level 5:colcon.colcon_core.verb:set package 'rplidar_ros' build argument 'ament_cmake_args' from command line to 'None'
[2.400s] Level 5:colcon.colcon_core.verb:set package 'rplidar_ros' build argument 'catkin_cmake_args' from command line to 'None'
[2.400s] Level 5:colcon.colcon_core.verb:set package 'rplidar_ros' build argument 'catkin_skip_building_tests' from command line to 'False'
[2.400s] DEBUG:colcon.colcon_core.verb:Building package 'rplidar_ros' with the following arguments: {'ament_cmake_args': None, 'build_base': '/workspace/build/rplidar_ros', 'catkin_cmake_args': None, 'catkin_skip_building_tests': False, 'cmake_args': None, 'cmake_clean_cache': False, 'cmake_clean_first': False, 'cmake_force_configure': False, 'cmake_target': None, 'cmake_target_skip_unavailable': False, 'install_base': '/workspace/install/rplidar_ros', 'merge_install': False, 'path': '/workspace/modubot_ws/src/rplidar_ros', 'symlink_install': True, 'test_result_base': None}
[2.402s] Level 5:colcon.colcon_core.verb:set package 'teleop_twist_keyboard' build argument 'cmake_args' from command line to 'None'
[2.402s] Level 5:colcon.colcon_core.verb:set package 'teleop_twist_keyboard' build argument 'cmake_target' from command line to 'None'
[2.402s] Level 5:colcon.colcon_core.verb:set package 'teleop_twist_keyboard' build argument 'cmake_target_skip_unavailable' from command line to 'False'
[2.402s] Level 5:colcon.colcon_core.verb:set package 'teleop_twist_keyboard' build argument 'cmake_clean_cache' from command line to 'False'
[2.402s] Level 5:colcon.colcon_core.verb:set package 'teleop_twist_keyboard' build argument 'cmake_clean_first' from command line to 'False'
[2.402s] Level 5:colcon.colcon_core.verb:set package 'teleop_twist_keyboard' build argument 'cmake_force_configure' from command line to 'False'
[2.402s] Level 5:colcon.colcon_core.verb:set package 'teleop_twist_keyboard' build argument 'ament_cmake_args' from command line to 'None'
[2.402s] Level 5:colcon.colcon_core.verb:set package 'teleop_twist_keyboard' build argument 'catkin_cmake_args' from command line to 'None'
[2.402s] Level 5:colcon.colcon_core.verb:set package 'teleop_twist_keyboard' build argument 'catkin_skip_building_tests' from command line to 'False'
[2.403s] DEBUG:colcon.colcon_core.verb:Building package 'teleop_twist_keyboard' with the following arguments: {'ament_cmake_args': None, 'build_base': '/workspace/build/teleop_twist_keyboard', 'catkin_cmake_args': None, 'catkin_skip_building_tests': False, 'cmake_args': None, 'cmake_clean_cache': False, 'cmake_clean_first': False, 'cmake_force_configure': False, 'cmake_target': None, 'cmake_target_skip_unavailable': False, 'install_base': '/workspace/install/teleop_twist_keyboard', 'merge_install': False, 'path': '/workspace/modubot_ws/src/teleop_twist_keyboard', 'symlink_install': True, 'test_result_base': None}
[2.403s] INFO:colcon.colcon_core.executor:Executing jobs using 'parallel' executor
[2.406s] DEBUG:colcon.colcon_parallel_executor.executor.parallel:run_until_complete
[2.407s] INFO:colcon.colcon_ros.task.ament_cmake.build:Building ROS package in '/workspace/modubot_ws/src/modubot_joystick' with build type 'ament_cmake'
[2.408s] INFO:colcon.colcon_cmake.task.cmake.build:Building CMake package in '/workspace/modubot_ws/src/modubot_joystick'
[2.437s] INFO:colcon.colcon_core.plugin_system:Skipping extension 'colcon_core.shell.bat': Not used on non-Windows systems
[2.438s] INFO:colcon.colcon_core.shell:Skip shell extension 'powershell' for command environment: Not usable outside of PowerShell
[2.438s] DEBUG:colcon.colcon_core.shell:Skip shell extension 'dsv' for command environment
[2.458s] INFO:colcon.colcon_ros.task.ament_cmake.build:Building ROS package in '/workspace/modubot_ws/src/modubot_model_description' with build type 'ament_cmake'
[2.458s] INFO:colcon.colcon_cmake.task.cmake.build:Building CMake package in '/workspace/modubot_ws/src/modubot_model_description'
[2.460s] INFO:colcon.colcon_core.shell:Skip shell extension 'powershell' for command environment: Not usable outside of PowerShell
[2.461s] DEBUG:colcon.colcon_core.shell:Skip shell extension 'dsv' for command environment
[2.473s] INFO:colcon.colcon_ros.task.ament_cmake.build:Building ROS package in '/workspace/modubot_ws/src/modubot_nav2' with build type 'ament_cmake'
[2.473s] INFO:colcon.colcon_cmake.task.cmake.build:Building CMake package in '/workspace/modubot_ws/src/modubot_nav2'
[2.475s] INFO:colcon.colcon_core.shell:Skip shell extension 'powershell' for command environment: Not usable outside of PowerShell
[2.475s] DEBUG:colcon.colcon_core.shell:Skip shell extension 'dsv' for command environment
[2.487s] INFO:colcon.colcon_ros.task.ament_python.build:Building ROS package in '/workspace/modubot_ws/src/modubot_odom' with build type 'ament_python'
[2.488s] Level 1:colcon.colcon_core.shell:create_environment_hook('modubot_odom', 'ament_prefix_path')
[2.489s] INFO:colcon.colcon_core.shell:Creating environment hook '/workspace/install/modubot_odom/share/modubot_odom/hook/ament_prefix_path.ps1'
[2.494s] INFO:colcon.colcon_core.shell:Creating environment descriptor '/workspace/install/modubot_odom/share/modubot_odom/hook/ament_prefix_path.dsv'
[2.496s] INFO:colcon.colcon_core.shell:Creating environment hook '/workspace/install/modubot_odom/share/modubot_odom/hook/ament_prefix_path.sh'
[2.500s] INFO:colcon.colcon_core.shell:Skip shell extension 'powershell' for command environment: Not usable outside of PowerShell
[2.500s] DEBUG:colcon.colcon_core.shell:Skip shell extension 'dsv' for command environment
[2.529s] DEBUG:colcon.colcon_core.event_handler.log_command:Invoking command in '/workspace/build/modubot_joystick': CMAKE_PREFIX_PATH=/opt/ros/humble /usr/bin/cmake /workspace/modubot_ws/src/modubot_joystick -DAMENT_CMAKE_SYMLINK_INSTALL=1 -DCMAKE_INSTALL_PREFIX=/workspace/install/modubot_joystick
[2.542s] DEBUG:colcon.colcon_core.event_handler.log_command:Invoking command in '/workspace/build/modubot_model_description': CMAKE_PREFIX_PATH=/opt/ros/humble /usr/bin/cmake /workspace/modubot_ws/src/modubot_model_description -DAMENT_CMAKE_SYMLINK_INSTALL=1 -DCMAKE_INSTALL_PREFIX=/workspace/install/modubot_model_description
[2.551s] DEBUG:colcon.colcon_core.event_handler.log_command:Invoking command in '/workspace/build/modubot_nav2': CMAKE_PREFIX_PATH=/opt/ros/humble /usr/bin/cmake /workspace/modubot_ws/src/modubot_nav2 -DAMENT_CMAKE_SYMLINK_INSTALL=1 -DCMAKE_INSTALL_PREFIX=/workspace/install/modubot_nav2
[3.631s] INFO:colcon.colcon_core.task.python.build:Building Python package in '/workspace/modubot_ws/src/modubot_odom'
[3.632s] INFO:colcon.colcon_core.shell:Skip shell extension 'powershell' for command environment: Not usable outside of PowerShell
[3.633s] DEBUG:colcon.colcon_core.shell:Skip shell extension 'dsv' for command environment
[3.675s] DEBUG:colcon.colcon_core.event_handler.log_command:Invoked command in '/workspace/build/modubot_joystick' returned '1': CMAKE_PREFIX_PATH=/opt/ros/humble /usr/bin/cmake /workspace/modubot_ws/src/modubot_joystick -DAMENT_CMAKE_SYMLINK_INSTALL=1 -DCMAKE_INSTALL_PREFIX=/workspace/install/modubot_joystick
[3.856s] Level 1:colcon.colcon_core.environment:create_environment_scripts_only(modubot_joystick)
[3.887s] Level 1:colcon.colcon_core.environment:checking '/workspace/install/modubot_joystick' for CMake module files
[3.892s] Level 1:colcon.colcon_core.environment:checking '/workspace/install/modubot_joystick' for CMake config files
[3.898s] Level 1:colcon.colcon_core.environment:checking '/workspace/install/modubot_joystick/bin'
[3.899s] Level 1:colcon.colcon_core.environment:checking '/workspace/install/modubot_joystick/lib/pkgconfig/modubot_joystick.pc'
[3.900s] Level 1:colcon.colcon_core.environment:checking '/workspace/install/modubot_joystick/lib/python3.10/site-packages'
[3.902s] Level 1:colcon.colcon_core.environment:checking '/workspace/install/modubot_joystick/bin'
[3.903s] INFO:colcon.colcon_core.shell:Creating package script '/workspace/install/modubot_joystick/share/modubot_joystick/package.ps1'
[3.919s] INFO:colcon.colcon_core.shell:Creating package descriptor '/workspace/install/modubot_joystick/share/modubot_joystick/package.dsv'
[3.926s] INFO:colcon.colcon_core.shell:Creating package script '/workspace/install/modubot_joystick/share/modubot_joystick/package.sh'
[3.938s] INFO:colcon.colcon_core.shell:Creating package script '/workspace/install/modubot_joystick/share/modubot_joystick/package.bash'
[3.944s] INFO:colcon.colcon_core.shell:Creating package script '/workspace/install/modubot_joystick/share/modubot_joystick/package.zsh'
[3.949s] Level 1:colcon.colcon_core.environment:create_file_with_runtime_dependencies(/workspace/install/modubot_joystick/share/colcon-core/packages/modubot_joystick)
[5.144s] DEBUG:colcon.colcon_parallel_executor.executor.parallel:closing loop
[5.144s] DEBUG:colcon.colcon_parallel_executor.executor.parallel:loop closed
[5.145s] DEBUG:colcon.colcon_parallel_executor.executor.parallel:run_until_complete finished with '1'
[5.145s] DEBUG:colcon.colcon_core.event_reactor:joining thread
[5.180s] INFO:colcon.colcon_core.plugin_system:Skipping extension 'colcon_notification.desktop_notification.notify_send': Could not find 'notify-send'
[5.180s] INFO:colcon.colcon_core.plugin_system:Skipping extension 'colcon_notification.desktop_notification.terminal_notifier': Not used on non-Darwin systems
[5.180s] INFO:colcon.colcon_core.plugin_system:Skipping extension 'colcon_notification.desktop_notification.win32': Not used on non-Windows systems
[5.181s] INFO:colcon.colcon_notification.desktop_notification:Sending desktop notification using 'notify2'
[5.187s] DEBUG:colcon.colcon_notification.desktop_notification.notify2:Failed to initialize notify2: org.freedesktop.DBus.Error.Spawn.ExecFailed: /usr/bin/dbus-launch terminated abnormally without any error message
[5.187s] DEBUG:colcon.colcon_core.event_reactor:joined thread
[5.189s] INFO:colcon.colcon_core.shell:Creating prefix script '/workspace/install/local_setup.ps1'
[5.195s] INFO:colcon.colcon_core.shell:Creating prefix util module '/workspace/install/_local_setup_util_ps1.py'
[5.202s] INFO:colcon.colcon_core.shell:Creating prefix chain script '/workspace/install/setup.ps1'
[5.206s] INFO:colcon.colcon_core.shell:Creating prefix script '/workspace/install/local_setup.sh'
[5.210s] INFO:colcon.colcon_core.shell:Creating prefix util module '/workspace/install/_local_setup_util_sh.py'
[5.213s] INFO:colcon.colcon_core.shell:Creating prefix chain script '/workspace/install/setup.sh'
[5.218s] INFO:colcon.colcon_core.shell:Creating prefix script '/workspace/install/local_setup.bash'
[5.221s] INFO:colcon.colcon_core.shell:Creating prefix chain script '/workspace/install/setup.bash'
[5.228s] INFO:colcon.colcon_core.shell:Creating prefix script '/workspace/install/local_setup.zsh'
[5.231s] INFO:colcon.colcon_core.shell:Creating prefix chain script '/workspace/install/setup.zsh'
