[2.828s] Invoking command in '/workspace/build/modubot_odom': PYTHONPATH=/workspace/build/modubot_odom/prefix_override:/usr/lib/python3/dist-packages/colcon_core/task/python/colcon_distutils_commands:/workspace/install/modubot_odom/lib/python3.10/site-packages:${PYTHONPATH} /usr/bin/python3 -W ignore:setup.py install is deprecated -W ignore:easy_install command is deprecated setup.py develop --editable --build-directory /workspace/build/modubot_odom/build --no-deps symlink_data
[3.936s] running develop
[4.561s] running egg_info
[4.567s] creating modubot_odom.egg-info
[4.567s] writing modubot_odom.egg-info/PKG-INFO
[4.584s] writing dependency_links to modubot_odom.egg-info/dependency_links.txt
[4.585s] writing entry points to modubot_odom.egg-info/entry_points.txt
[4.586s] writing requirements to modubot_odom.egg-info/requires.txt
[4.587s] writing top-level names to modubot_odom.egg-info/top_level.txt
[4.587s] writing manifest file 'modubot_odom.egg-info/SOURCES.txt'
[4.645s] reading manifest file 'modubot_odom.egg-info/SOURCES.txt'
[4.648s] writing manifest file 'modubot_odom.egg-info/SOURCES.txt'
[4.654s] running build_ext
[4.655s] Creating /workspace/install/modubot_odom/lib/python3.10/site-packages/modubot-odom.egg-link (link to .)
[4.660s] Installing serial_odom script to /workspace/install/modubot_odom/lib/modubot_odom
[4.660s] 
[4.661s] Installed /workspace/build/modubot_odom
[4.661s] running symlink_data
[4.665s] creating /workspace/install/modubot_odom/share/ament_index
[4.665s] creating /workspace/install/modubot_odom/share/ament_index/resource_index
[4.666s] creating /workspace/install/modubot_odom/share/ament_index/resource_index/packages
[4.666s] symbolically linking /workspace/build/modubot_odom/resource/modubot_odom -> /workspace/install/modubot_odom/share/ament_index/resource_index/packages
[4.667s] symbolically linking /workspace/build/modubot_odom/package.xml -> /workspace/install/modubot_odom/share/modubot_odom
[4.667s] creating /workspace/install/modubot_odom/share/modubot_odom/launch
[4.668s] symbolically linking /workspace/build/modubot_odom/launch/odom_serial.launch.py -> /workspace/install/modubot_odom/share/modubot_odom/launch
[5.890s] Invoked command in '/workspace/build/modubot_odom' returned '0': PYTHONPATH=/workspace/build/modubot_odom/prefix_override:/usr/lib/python3/dist-packages/colcon_core/task/python/colcon_distutils_commands:/workspace/install/modubot_odom/lib/python3.10/site-packages:${PYTHONPATH} /usr/bin/python3 -W ignore:setup.py install is deprecated -W ignore:easy_install command is deprecated setup.py develop --editable --build-directory /workspace/build/modubot_odom/build --no-deps symlink_data
